// Jest Snapshot v1, https://goo.gl/fbAQLP

exports[`< InputTypeDate /> should render correctly 1`] = `
<input
  max="2022-08-09"
  min="2018-01-01"
  style={
    Object {
      "border": "1px solid #d2d2d2",
      "borderRadius": 3,
      "boxShadow": "inset 1px 1px 2px rgba(0, 0, 0, 0.2)",
      "color": "#4a4a4a",
      "fontFamily": "Roboto, Arial, sans-serif",
      "fontSize": 15,
      "height": 23,
      "marginBottom": 15,
      "marginTop": 8,
      "padding": "8px 10px",
      "width": 170,
    }
  }
  type="date"
/>
`;
